Zilog eZ8 Encore! Macro Assembler Version 2.53 (20121701) 27-May-25     00:26:59     page:   1


PC     Object              F  Line    Source flash_tools.src
                           A     1    ; Z8 Encore! ANSI C Compiler Release 3.80
                           A     2    ; -nolocalcse -optsize -fastcall -const=RA
                           A     3    ; -nooptlink -noregvar -reduceopt -debug -
                           A     4    ; -alias 
                           A     5        DEFINE flash_tools_TEXT,SPACE=ROM
                           A     6        FILE    ".\flash_tools.c"
                           A     7    .debug "C"
                           A     8        SEGMENT ROM_DATA
                           A     9    
                           A    10    
                           A    11    ;**************************** _unlockFlash
                           A    12    ;Name                         Addr/Registe
                           A    13    
                           A    14    
                           A    15    ; Aggregate Stack Size: 0 (words)
                           A    16    
                           A    17    
                           A    18        .FRAME _n_unlockFlash,?_n_unlockFlash,
                           A    19        .FRAME _f_unlockFlash,?_f_unlockFlash,
                           A    20        SEGMENT flash_tools_TEXT
0000                       A    21    _unlockFlash:
                           A    22    .define "_unlockFlash"
                           A    23    .value _unlockFlash
                           A    24    .class 2
                           A    25    .type 65
                           A    26    .endef
                           A    27    .begfunc "unlockFlash",4,"_unlockFlash"
0000 D6 0000               A    28        CALL    __b_frameset00
                           A    29    .line 5
0003 A9020FF8              A    30        CPX 4088,#2
0007 6B 1A                 A    31        JR  Z,_1_L_8
0009 A9030FF8              A    32        CPX 4088,#3
000D 6B 14                 A    33        JR  Z,_1_L_8
                           A    34    .line 6
000F E9730FF8              A    35        LDX 4088,#115
0013                       A    36    _1_L_3:
                           A    37    .line 7
0013 A9010FF8              A    38        CPX 4088,#1
0017 EB FA                 A    39        JR  NE,_1_L_3
                           A    40    .line 9
0019 E98C0FF8              A    41        LDX 4088,#140
001D                       A    42    _1_L_6:
                           A    43    .line 10
001D A9020FF8              A    44        CPX 4088,#2
0021 EB FA                 A    45        JR  NE,_1_L_6
0023                       A    46    _1_L_8:
                           A    47    .line 11
0023 D6 0000               A    48        CALL    __b_framereset
0026 AF                    A    49        RET 
                           A    50    .endfunc "unlockFlash",11,"_unlockFlash"
                           A    51        SEGMENT ROM_DATA
                           A    52    
Zilog eZ8 Encore! Macro Assembler Version 2.53 (20121701) 27-May-25     00:26:59     page:   2


PC     Object              F  Line    Source flash_tools.src
                           A    53    
                           A    54    ;**************************** _checkFlash 
                           A    55    ;Name                         Addr/Registe
                           A    56    
                           A    57    
                           A    58    ; Aggregate Stack Size: 0 (words)
                           A    59    
                           A    60    
                           A    61        .FRAME _n_checkFlash,?_n_checkFlash,RD
                           A    62        .FRAME _f_checkFlash,?_f_checkFlash,ED
                           A    63        SEGMENT flash_tools_TEXT
0027                       A    64    _checkFlash:
                           A    65    .define "_checkFlash"
                           A    66    .value _checkFlash
                           A    67    .class 2
                           A    68    .type 76
                           A    69    .endef
                           A    70    .begfunc "checkFlash",13,"_checkFlash"
0027 D6 0000               A    71        CALL    __b_frameset00
                           A    72    .line 14
002A 840FF8                A    73        LDX R0,4088
                           A    74    .line 15
002D D6 0000               A    75        CALL    __b_framereset
0030 AF                    A    76        RET 
                           A    77    .endfunc "checkFlash",15,"_checkFlash"
                           A    78        XREF __b_framereset:ROM
                           A    79        XREF __b_frameset00:ROM
                           A    80        XDEF _checkFlash
                           A    81        XDEF _unlockFlash
                           A    82        END


Errors: 0
Warnings: 0
Lines Assembled: 83
